// Jest Snapshot v1, https://goo.gl/fbAQLP

exports[`snapshot test it should render component correctly 1`] = `
<section
  className="scheduler"
>
  <main>
    <header>
      <h1>
        Планировщик задач
      </h1>
      <input
        onChange={[Function]}
        placeholder="Поиск"
        type="text"
        value=""
      />
    </header>
    <section>
      <form
        onSubmit={[Function]}
      >
        <input
          maxLength="50"
          onChange={[Function]}
          placeholder="Описание новой задачи"
          type="text"
          value=""
        />
        <button
          type="submit"
        >
          Добавить задачу
        </button>
      </form>
      <ul>
        <div />
      </ul>
    </section>
    <footer>
      <div
        onClick={[Function]}
        onMouseEnter={[Function]}
        onMouseLeave={[Function]}
        style={
          Object {
            "display": "block",
            "height": 25,
            "width": 25,
          }
        }
      >
        <svg
          style={
            Object {
              "display": "block",
              "height": 25,
              "width": 25,
            }
          }
          version="1.1"
          viewBox="0 0 27 27"
        >
          <g>
            <rect
              fill="rgb(0, 0, 0)"
              height="25"
              rx="5"
              ry="5"
              stroke="rgb(0, 0, 0)"
              style={
                Object {
                  "strokeWidth": 2,
                }
              }
              width="25"
              x="1"
              y="1"
            />
            <path
              d="M22.12 6c-3.12 3.16-6.84 6.36-10.23 9.64l-5.42-4.05L4 14.84l6.78 5.08L12.23 21l1.25-1.25C17 16.2 21.29 12.6 25 8.89z"
              fill="rgb(255, 255, 255)"
            />
          </g>
        </svg>
      </div>
      <span
        className="completeAllTasks"
      >
        Все задачи выполнены
      </span>
    </footer>
  </main>
</section>
`;
